
> firecalc@1.0.0 build
> astro build

[2m15:49:53[22m [34m[content][39m Syncing content
[2m15:49:53[22m [34m[content][39m Synced content
[2m15:49:53[22m [34m[types][39m Generated [2m155ms[22m
[2m15:49:53[22m [34m[build][39m output: [34m"static"[39m
[2m15:49:53[22m [34m[build][39m mode: [34m"static"[39m
[2m15:49:53[22m [34m[build][39m directory: [34mD:\Software\FreeAgent_text\sites\firecalc\dist\[39m
[2m15:49:53[22m [34m[build][39m Collecting build info...
[2m15:49:53[22m [34m[build][39m [32m✓ Completed in 169ms.[39m
[2m15:49:53[22m [34m[build][39m Building static entrypoints...
[2m15:49:55[22m [34m[vite][39m [32m✓ built in 1.47s[39m
[2m15:49:55[22m [34m[build][39m [32m✓ Completed in 1.51s.[39m

[42m[30m building client (vite) [39m[49m
[2m15:49:55[22m [34m[vite][39m transforming...
[2m15:49:56[22m [34m[vite][39m [32m✓[39m 7 modules transformed.
[2m15:49:56[22m [34m[vite][39m rendering chunks...
[2m15:49:56[22m [34m[vite][39m computing gzip size...
[2m15:49:56[22m [34m[vite][39m [2mdist/[22m[36m_astro/index.astro_astro_type_script_index_0_lang.B92jrTMA.js  [39m[1m[2m210.79 kB[22m[1m[22m[2m │ gzip: 72.40 kB[22m
[2m15:49:56[22m [34m[vite][39m [32m✓ built in 1.04s[39m

[42m[30m generating static routes [39m[49m
[2m15:49:56[22m [32m▶[39m src/pages/about.astro
[2m15:49:56[22m   [34m└─[39m [2m/about/index.html[22m [2m(+35ms)[22m 
[2m15:49:56[22m [32m▶[39m src/pages/blog/fire-guide.md
[2m15:49:56[22m   [34m└─[39m [2m/blog/fire-guide/index.html[22m [2m(+36ms)[22m 
[2m15:49:56[22m [32m▶[39m src/pages/blog/index.astro
[2m15:49:56[22m   [34m└─[39m [2m/blog/index.html[22m [2m(+26ms)[22m 
[2m15:49:56[22m [32m▶[39m src/pages/index.astro
[2m15:49:56[22m   [34m└─[39m [2m/index.html[22m [2m(+4ms)[22m 
[2m15:49:56[22m [32m✓ Completed in 180ms.
[39m
[2m15:49:56[22m [34m[@astrojs/sitemap][39m `sitemap-index.xml` created at `dist`
[2m15:49:56[22m [34m[build][39m 4 page(s) built in [1m2.99s[22m
[2m15:49:56[22m [34m[build][39m [1mComplete![22m
BUILD_DONE 
